// Jest Snapshot v1, https://goo.gl/fbAQLP

exports[`Backdrop renders with props 1`] = `"<div class=\\"sc-bczRLJ hZWUIh\\"><div>I'm a child</div></div>"`;

exports[`Backdrop renders without props 1`] = `"<div class=\\"sc-bczRLJ jCkFu\\"></div>"`;

exports[`FocusTrapBackdrop renders with props 1`] = `"<div class=\\"sc-bczRLJ jBYeZ\\"><div>I'm a child</div></div>"`;

exports[`FocusTrapBackdrop returns null 1`] = `""`;
