// Jest Snapshot v1, https://goo.gl/fbAQLP

exports[`Loader renders 1`] = `"<div class=\\"sc-bczRLJ hZWhIu\\"><div class=\\"sc-hKMtZM ceUSFz\\"><div class=\\"sc-bjUoiL dlISRU\\"></div></div></div>"`;
