// Jest Snapshot v1, https://goo.gl/fbAQLP

exports[`Popover renders 1`] = `"<div class=\\"sc-bczRLJ jCkFu\\"><div aria-labelledby=\\"id\\" class=\\"sc-idiyUo hSGGLr\\"><div>I'm children</div></div></div>"`;
